Microsoft (R) Macro Assembler Version 14.37.32825.0	    12/08/23 22:14:10
SE_asm01a.asm						     Page 1 - 1


				.586P
				.MODEL FLAT, STDCALL
 00000000			.CODE
 00000000			getmin PROC uses ecx esi ebx, parr: dword, elem: dword

 00000006  8B 4D 0C		      mov   ecx, elem
 00000009  8B 75 08		      mov   esi, parr
 0000000C  8B 1E		      mov   ebx, [esi]
 0000000E			CYCLE: 
 0000000E  AD			      lodsd
 0000000F  3B C3		      cmp   eax, ebx
 00000011  7D 01		      jge   FALSE
 00000013  93			      xchg  ebx, eax 
 00000014			FALSE: 
 00000014  E2 F8		      loop  CYCLE
 00000016  93			      xchg eax, ebx
					ret
 0000001E			getmin ENDP

 0000001E			getmax PROC uses ecx esi ebx, parr: dword, elem: dword

 00000024  8B 4D 0C		      mov   ecx, elem
 00000027  8B 75 08		      mov   esi, parr
 0000002A  8B 1E		      mov   ebx, [esi]
 0000002C			CYCLE: 
 0000002C  AD			      lodsd
 0000002D  3B C3		      cmp   eax, ebx
 0000002F  7E 01		      jle   FALSE
 00000031  93			      xchg  ebx, eax 
 00000032			FALSE: 
 00000032  E2 F8		      loop  CYCLE
 00000034  93			      xchg eax, ebx
					ret
 0000003C			getmax ENDP

				end
Microsoft (R) Macro Assembler Version 14.37.32825.0	    12/08/23 22:14:10
SE_asm01a.asm						     Symbols 2 - 1




Segments and Groups:

                N a m e                 Size     Length   Align   Combine Class

FLAT . . . . . . . . . . . . . .	GROUP
_DATA  . . . . . . . . . . . . .	32 Bit	 00000000 Para	  Public  'DATA'	
_TEXT  . . . . . . . . . . . . .	32 Bit	 0000003C Para	  Public  'CODE'	


Procedures, parameters, and locals:

                N a m e                 Type     Value    Attr

getmax . . . . . . . . . . . . .	P Near	 0000001E _TEXT	Length= 0000001E Public STDCALL
  parr . . . . . . . . . . . . .	DWord	 bp + 00000008
  elem . . . . . . . . . . . . .	DWord	 bp + 0000000C
  CYCLE  . . . . . . . . . . . .	L Near	 0000002C _TEXT	
  FALSE  . . . . . . . . . . . .	L Near	 00000032 _TEXT	
getmin . . . . . . . . . . . . .	P Near	 00000000 _TEXT	Length= 0000001E Public STDCALL
  parr . . . . . . . . . . . . .	DWord	 bp + 00000008
  elem . . . . . . . . . . . . .	DWord	 bp + 0000000C
  CYCLE  . . . . . . . . . . . .	L Near	 0000000E _TEXT	
  FALSE  . . . . . . . . . . . .	L Near	 00000014 _TEXT	


Symbols:

                N a m e                 Type     Value    Attr

@CodeSize  . . . . . . . . . . .	Number	 00000000h   
@DataSize  . . . . . . . . . . .	Number	 00000000h   
@Interface . . . . . . . . . . .	Number	 00000003h   
@Model . . . . . . . . . . . . .	Number	 00000007h   
@code  . . . . . . . . . . . . .	Text   	 _TEXT
@data  . . . . . . . . . . . . .	Text   	 FLAT
@fardata?  . . . . . . . . . . .	Text   	 FLAT
@fardata . . . . . . . . . . . .	Text   	 FLAT
@stack . . . . . . . . . . . . .	Text   	 FLAT

	   0 Warnings
	   0 Errors
